MemTotal:         897920 kB
MemFree:           30052 kB
MemAvailable:     467152 kB
Buffers:             324 kB
Cached:           454516 kB
SwapCached:        10232 kB
Active:           336800 kB
Inactive:         331296 kB
Active(anon):     109744 kB
Inactive(anon):   107956 kB
Active(file):     227056 kB
Inactive(file):   223340 kB
Unevictable:        3812 kB
Mlocked:            1428 kB
HighTotal:        376576 kB
HighFree:           5740 kB
LowTotal:         521344 kB
LowFree:           24312 kB
SwapTotal:        819196 kB
SwapFree:         636036 kB
Dirty:               728 kB
Writeback:             0 kB
AnonPages:        216488 kB
Mapped:           377356 kB
Shmem:              1896 kB
Slab:              61152 kB
SReclaimable:      28224 kB
SUnreclaim:        32928 kB
KernelStack:       10960 kB
PageTables:        25008 kB
NFS_Unstable:          0 kB
Bounce:                0 kB
WritebackTmp:          0 kB
CommitLimit:     1268156 kB
Committed_AS:   30612052 kB
VmallocTotal:     360448 kB
VmallocUsed:           0 kB
VmallocChunk:          0 kB
DetourTotal:          16384 kB
DetourFree:           14404 kB

